[INFO] Scanning for projects...
[INFO] 
[INFO] ----------------------< com.example:employee-api >----------------------
[INFO] Building employee-api 0.0.1-SNAPSHOT
[INFO]   from pom.xml
[INFO] --------------------------------[ jar ]---------------------------------
[INFO] 
[INFO] --- clean:3.5.0:clean (default-clean) @ employee-api ---
[INFO] Deleting /run/media/Shiryu/9E30CF2D30CF0B6B/VsCode/employee-api/target
[INFO] 
[INFO] --- resources:3.3.1:resources (default-resources) @ employee-api ---
[INFO] Copying 1 resource from src/main/resources to target/classes
[INFO] Copying 0 resource from src/main/resources to target/classes
[INFO] 
[INFO] --- compiler:3.14.1:compile (default-compile) @ employee-api ---
[INFO] Recompiling the module because of changed source code.
[INFO] Compiling 7 source files with javac [debug parameters release 25] to target/classes
WARNING: A terminally deprecated method in sun.misc.Unsafe has been called
WARNING: sun.misc.Unsafe::objectFieldOffset has been called by lombok.permit.Permit
WARNING: Please consider reporting this to the maintainers of class lombok.permit.Permit
WARNING: sun.misc.Unsafe::objectFieldOffset will be removed in a future release
[INFO] 
[INFO] --- resources:3.3.1:testResources (default-testResources) @ employee-api ---
[INFO] skip non existing resourceDirectory /run/media/Shiryu/9E30CF2D30CF0B6B/VsCode/employee-api/src/test/resources
[INFO] 
[INFO] --- compiler:3.14.1:testCompile (default-testCompile) @ employee-api ---
[INFO] Recompiling the module because of changed dependency.
[INFO] 
[INFO] --- surefire:3.5.5:test (default-test) @ employee-api ---
[INFO] ------------------------------------------------------------------------
[INFO] BUILD SUCCESS
[INFO] ------------------------------------------------------------------------
[INFO] Total time:  2.128 s
[INFO] Finished at: 2026-04-21T04:50:54+05:30
[INFO] ------------------------------------------------------------------------
